[     351ms] [INFO] %cDownload the React DevTools for a better development experience: https://react.dev/link/react-devtools font-weight:bold @ http://localhost:5173/node_modules/.vite/deps/react-dom_client.js?v=956f83aa:20100
[     395ms] [ERROR] Failed to load resource: the server responded with a status of 404 (Not Found) @ http://localhost:5173/favicon.ico:0
[    1142ms] [ERROR] Failed to load resource: the server responded with a status of 404 () @ https://fonts.gstatic.com/s/fraunces/v31/6NU78FyLNQOQZAnv9ZwNyN0Ecz9z.woff2:0
[   67569ms] [ERROR] Failed to load resource: the server responded with a status of 404 () @ https://fonts.gstatic.com/s/fraunces/v31/6NU78FyLNQOQZAnv9ZwNyN0Ecz9z.woff2:0
[  175999ms] [INFO] %cDownload the React DevTools for a better development experience: https://react.dev/link/react-devtools font-weight:bold @ http://localhost:5173/node_modules/.vite/deps/react-dom_client.js?v=956f83aa:20100
[  257011ms] [ERROR] You are calling ReactDOMClient.createRoot() on a container that has already been passed to createRoot() before. Instead, call root.render() on the existing root instead if you want to update it. @ http://localhost:5173/node_modules/.vite/deps/react-dom_client.js?v=956f83aa:17251
[  257155ms] [INFO] %cDownload the React DevTools for a better development experience: https://react.dev/link/react-devtools font-weight:bold @ http://localhost:5173/node_modules/.vite/deps/react-dom_client.js?v=956f83aa:20100
[  671676ms] [INFO] %cDownload the React DevTools for a better development experience: https://react.dev/link/react-devtools font-weight:bold @ http://localhost:5173/node_modules/.vite/deps/react-dom_client.js?v=956f83aa:20100
[  671679ms] [ERROR] Manifest: Line: 1, column: 1, Syntax error. @ http://localhost:5173/site.webmanifest:0
[  671703ms] [ERROR] Manifest: Line: 1, column: 1, Syntax error. @ http://localhost:5173/site.webmanifest:0
[  744707ms] [ERROR] You are calling ReactDOMClient.createRoot() on a container that has already been passed to createRoot() before. Instead, call root.render() on the existing root instead if you want to update it. @ http://localhost:5173/node_modules/.vite/deps/react-dom_client.js?v=956f83aa:17251
[  744870ms] [INFO] %cDownload the React DevTools for a better development experience: https://react.dev/link/react-devtools font-weight:bold @ http://localhost:5173/node_modules/.vite/deps/react-dom_client.js?v=956f83aa:20100
[  744872ms] [ERROR] Manifest: Line: 1, column: 1, Syntax error. @ http://localhost:5173/site.webmanifest:0
[  744891ms] [ERROR] Manifest: Line: 1, column: 1, Syntax error. @ http://localhost:5173/site.webmanifest:0
[  927475ms] [ERROR] You are calling ReactDOMClient.createRoot() on a container that has already been passed to createRoot() before. Instead, call root.render() on the existing root instead if you want to update it. @ http://localhost:5173/node_modules/.vite/deps/react-dom_client.js?v=956f83aa:17251
[  927797ms] [INFO] %cDownload the React DevTools for a better development experience: https://react.dev/link/react-devtools font-weight:bold @ http://localhost:5173/node_modules/.vite/deps/react-dom_client.js?v=956f83aa:20100
[ 1360750ms] [ERROR] You are calling ReactDOMClient.createRoot() on a container that has already been passed to createRoot() before. Instead, call root.render() on the existing root instead if you want to update it. @ http://localhost:5173/node_modules/.vite/deps/react-dom_client.js?v=956f83aa:17251
[ 1361087ms] [INFO] %cDownload the React DevTools for a better development experience: https://react.dev/link/react-devtools font-weight:bold @ http://localhost:5173/node_modules/.vite/deps/react-dom_client.js?v=956f83aa:20100
[ 1456128ms] [ERROR] You are calling ReactDOMClient.createRoot() on a container that has already been passed to createRoot() before. Instead, call root.render() on the existing root instead if you want to update it. @ http://localhost:5173/node_modules/.vite/deps/react-dom_client.js?v=956f83aa:17251
[ 1456505ms] [INFO] %cDownload the React DevTools for a better development experience: https://react.dev/link/react-devtools font-weight:bold @ http://localhost:5173/node_modules/.vite/deps/react-dom_client.js?v=956f83aa:20100
[ 1555843ms] [ERROR] You are calling ReactDOMClient.createRoot() on a container that has already been passed to createRoot() before. Instead, call root.render() on the existing root instead if you want to update it. @ http://localhost:5173/node_modules/.vite/deps/react-dom_client.js?v=956f83aa:17251
[ 1556303ms] [INFO] %cDownload the React DevTools for a better development experience: https://react.dev/link/react-devtools font-weight:bold @ http://localhost:5173/node_modules/.vite/deps/react-dom_client.js?v=956f83aa:20100
